Archive member included to satisfy reference by file (symbol)

/usr/lib/gcc/avr/7.2.0/avr51/libgcc.a(_divmodhi4.o)
                              hd44780.o (__divmodhi4)
/usr/lib/gcc/avr/7.2.0/avr51/libgcc.a(_divmodsi4.o)
                              hd44780.o (__divmodsi4)
/usr/lib/gcc/avr/7.2.0/avr51/libgcc.a(_negsi2.o)
                              /usr/lib/gcc/avr/7.2.0/avr51/libgcc.a(_divmodsi4.o) (__negsi2)
/usr/lib/gcc/avr/7.2.0/avr51/libgcc.a(_exit.o)
                              /usr/lib/gcc/avr/7.2.0/../../../../avr/lib/avr51/crtatmega128.o (exit)
/usr/lib/gcc/avr/7.2.0/avr51/libgcc.a(_copy_data.o)
                              lab5.o (__do_copy_data)
/usr/lib/gcc/avr/7.2.0/avr51/libgcc.a(_clear_bss.o)
                              lab5.o (__do_clear_bss)
/usr/lib/gcc/avr/7.2.0/avr51/libgcc.a(_udivmodhi4.o)
                              /usr/lib/gcc/avr/7.2.0/avr51/libgcc.a(_divmodhi4.o) (__udivmodhi4)
/usr/lib/gcc/avr/7.2.0/avr51/libgcc.a(_udivmodsi4.o)
                              /usr/lib/gcc/avr/7.2.0/avr51/libgcc.a(_divmodsi4.o) (__udivmodsi4)

Allocating common symbols
Common symbol       size              file

lcd_string_array    0x20              hd44780.o
lcd_str             0x10              hd44780.o
segment_data        0x5               lab5.o

Memory Configuration

Name             Origin             Length             Attributes
text             0x0000000000000000 0x0000000000020000 xr
data             0x0000000000800100 0x000000000000ff00 rw !x
eeprom           0x0000000000810000 0x0000000000010000 rw !x
fuse             0x0000000000820000 0x0000000000000003 rw !x
lock             0x0000000000830000 0x0000000000000400 rw !x
signature        0x0000000000840000 0x0000000000000400 rw !x
user_signatures  0x0000000000850000 0x0000000000000400 rw !x
*default*        0x0000000000000000 0xffffffffffffffff

Linker script and memory map

Address of section .data set to 0x800100
LOAD /usr/lib/gcc/avr/7.2.0/../../../../avr/lib/avr51/crtatmega128.o
LOAD lab5.o
LOAD hd44780.o
START GROUP
LOAD /usr/lib/gcc/avr/7.2.0/avr51/libgcc.a
LOAD /usr/lib/gcc/avr/7.2.0/../../../../avr/lib/avr51/libm.a
LOAD /usr/lib/gcc/avr/7.2.0/../../../../avr/lib/avr51/libc.a
LOAD /usr/lib/gcc/avr/7.2.0/../../../../avr/lib/avr51/libatmega128.a
END GROUP
                0x0000000000020000                __TEXT_REGION_LENGTH__ = DEFINED (__TEXT_REGION_LENGTH__)?__TEXT_REGION_LENGTH__:0x20000
                0x000000000000ff00                __DATA_REGION_LENGTH__ = DEFINED (__DATA_REGION_LENGTH__)?__DATA_REGION_LENGTH__:0xff00
                0x0000000000010000                __EEPROM_REGION_LENGTH__ = DEFINED (__EEPROM_REGION_LENGTH__)?__EEPROM_REGION_LENGTH__:0x10000
                [0x0000000000000003]                __FUSE_REGION_LENGTH__ = DEFINED (__FUSE_REGION_LENGTH__)?__FUSE_REGION_LENGTH__:0x400
                0x0000000000000400                __LOCK_REGION_LENGTH__ = DEFINED (__LOCK_REGION_LENGTH__)?__LOCK_REGION_LENGTH__:0x400
                0x0000000000000400                __SIGNATURE_REGION_LENGTH__ = DEFINED (__SIGNATURE_REGION_LENGTH__)?__SIGNATURE_REGION_LENGTH__:0x400
                0x0000000000000400                __USER_SIGNATURE_REGION_LENGTH__ = DEFINED (__USER_SIGNATURE_REGION_LENGTH__)?__USER_SIGNATURE_REGION_LENGTH__:0x400

.hash
 *(.hash)

.dynsym
 *(.dynsym)

.dynstr
 *(.dynstr)

.gnu.version
 *(.gnu.version)

.gnu.version_d
 *(.gnu.version_d)

.gnu.version_r
 *(.gnu.version_r)

.rel.init
 *(.rel.init)

.rela.init
 *(.rela.init)

.rel.text
 *(.rel.text)
 *(.rel.text.*)
 *(.rel.gnu.linkonce.t*)

.rela.text
 *(.rela.text)
 *(.rela.text.*)
 *(.rela.gnu.linkonce.t*)

.rel.fini
 *(.rel.fini)

.rela.fini
 *(.rela.fini)

.rel.rodata
 *(.rel.rodata)
 *(.rel.rodata.*)
 *(.rel.gnu.linkonce.r*)

.rela.rodata
 *(.rela.rodata)
 *(.rela.rodata.*)
 *(.rela.gnu.linkonce.r*)

.rel.data
 *(.rel.data)
 *(.rel.data.*)
 *(.rel.gnu.linkonce.d*)

.rela.data
 *(.rela.data)
 *(.rela.data.*)
 *(.rela.gnu.linkonce.d*)

.rel.ctors
 *(.rel.ctors)

.rela.ctors
 *(.rela.ctors)

.rel.dtors
 *(.rel.dtors)

.rela.dtors
 *(.rela.dtors)

.rel.got
 *(.rel.got)

.rela.got
 *(.rela.got)

.rel.bss
 *(.rel.bss)

.rela.bss
 *(.rela.bss)

.rel.plt
 *(.rel.plt)

.rela.plt
 *(.rela.plt)

.text           0x0000000000000000     0x125e
 *(.vectors)
 .vectors       0x0000000000000000       0x8c /usr/lib/gcc/avr/7.2.0/../../../../avr/lib/avr51/crtatmega128.o
                0x0000000000000000                __vectors
                0x0000000000000000                __vector_default
 *(.vectors)
 *(.progmem.gcc*)
                0x000000000000008c                . = ALIGN (0x2)
                0x000000000000008c                __trampolines_start = .
 *(.trampolines)
 .trampolines   0x000000000000008c        0x0 linker stubs
 *(.trampolines*)
                0x000000000000008c                __trampolines_end = .
 *libprintf_flt.a:*(.progmem.data)
 *libc.a:*(.progmem.data)
 *(.progmem.*)
                0x000000000000008c                . = ALIGN (0x2)
 *(.lowtext)
 *(.lowtext*)
                0x000000000000008c                __ctors_start = .
 *(.ctors)
                0x000000000000008c                __ctors_end = .
                0x000000000000008c                __dtors_start = .
 *(.dtors)
                0x000000000000008c                __dtors_end = .
 SORT_BY_NAME(*)(.ctors)
 SORT_BY_NAME(*)(.dtors)
 *(.init0)
 .init0         0x000000000000008c        0x0 /usr/lib/gcc/avr/7.2.0/../../../../avr/lib/avr51/crtatmega128.o
                0x000000000000008c                __init
 *(.init0)
 *(.init1)
 *(.init1)
 *(.init2)
 .init2         0x000000000000008c        0xc /usr/lib/gcc/avr/7.2.0/../../../../avr/lib/avr51/crtatmega128.o
 *(.init2)
 *(.init3)
 *(.init3)
 *(.init4)
 .init4         0x0000000000000098       0x1a /usr/lib/gcc/avr/7.2.0/avr51/libgcc.a(_copy_data.o)
                0x0000000000000098                __do_copy_data
 .init4         0x00000000000000b2       0x10 /usr/lib/gcc/avr/7.2.0/avr51/libgcc.a(_clear_bss.o)
                0x00000000000000b2                __do_clear_bss
 *(.init4)
 *(.init5)
 *(.init5)
 *(.init6)
 *(.init6)
 *(.init7)
 *(.init7)
 *(.init8)
 *(.init8)
 *(.init9)
 .init9         0x00000000000000c2        0x8 /usr/lib/gcc/avr/7.2.0/../../../../avr/lib/avr51/crtatmega128.o
 *(.init9)
 *(.text)
 .text          0x00000000000000ca        0x4 /usr/lib/gcc/avr/7.2.0/../../../../avr/lib/avr51/crtatmega128.o
                0x00000000000000ca                __vector_22
                0x00000000000000ca                __vector_28
                0x00000000000000ca                __vector_1
                0x00000000000000ca                __vector_32
                0x00000000000000ca                __vector_34
                0x00000000000000ca                __vector_24
                0x00000000000000ca                __vector_12
                0x00000000000000ca                __bad_interrupt
                0x00000000000000ca                __vector_6
                0x00000000000000ca                __vector_31
                0x00000000000000ca                __vector_3
                0x00000000000000ca                __vector_23
                0x00000000000000ca                __vector_30
                0x00000000000000ca                __vector_25
                0x00000000000000ca                __vector_11
                0x00000000000000ca                __vector_13
                0x00000000000000ca                __vector_17
                0x00000000000000ca                __vector_19
                0x00000000000000ca                __vector_7
                0x00000000000000ca                __vector_27
                0x00000000000000ca                __vector_5
                0x00000000000000ca                __vector_33
                0x00000000000000ca                __vector_4
                0x00000000000000ca                __vector_9
                0x00000000000000ca                __vector_2
                0x00000000000000ca                __vector_15
                0x00000000000000ca                __vector_29
                0x00000000000000ca                __vector_8
                0x00000000000000ca                __vector_26
                0x00000000000000ca                __vector_10
                0x00000000000000ca                __vector_18
                0x00000000000000ca                __vector_20
 .text          0x00000000000000ce      0x5de lab5.o
                0x00000000000000ce                timer0_init
                0x00000000000000e2                timer1_init
                0x00000000000000f4                timer2_init
                0x00000000000000fc                timer3_init
                0x0000000000000116                spi_init
                0x0000000000000124                adc_init
                0x0000000000000132                debounce_switch
                0x0000000000000176                dec_to_bcd
                0x00000000000001be                blink_colon
                0x00000000000001d6                display_sum
                0x0000000000000248                segsum
                0x00000000000002a6                spi_action
                0x00000000000002cc                encoder_adjuster
                0x0000000000000382                mode_select
                0x0000000000000466                clock_set
                0x0000000000000482                __vector_16
                0x0000000000000532                __vector_14
                0x0000000000000556                __vector_21
                0x0000000000000588                vol_adjust
                0x00000000000005ec                mode_action
 .text          0x00000000000006ac      0x994 hd44780.o
                0x00000000000006ac                send_lcd
                0x00000000000006d6                refresh_lcd
                0x0000000000000788                set_custom_character
                0x00000000000007f4                set_cursor
                0x0000000000000824                uint2lcd
                0x00000000000008fc                int2lcd
                0x0000000000000936                cursor_on
                0x000000000000095a                cursor_off
                0x000000000000097e                shift_right
                0x00000000000009a2                shift_left
                0x00000000000009c6                strobe_lcd
                0x00000000000009d8                clear_display
                0x0000000000000a08                cursor_home
                0x0000000000000a38                line2_col1
                0x0000000000000a64                line1_col1
                0x0000000000000a90                fill_spaces
                0x0000000000000ac4                char2lcd
                0x0000000000000ae8                string2lcd
                0x0000000000000b42                lcd_init
                0x0000000000000cc6                lcd_int32
                0x0000000000000e7e                lcd_int16
 .text          0x0000000000001040        0x0 /usr/lib/gcc/avr/7.2.0/avr51/libgcc.a(_divmodhi4.o)
 .text          0x0000000000001040        0x0 /usr/lib/gcc/avr/7.2.0/avr51/libgcc.a(_divmodsi4.o)
 .text          0x0000000000001040        0x0 /usr/lib/gcc/avr/7.2.0/avr51/libgcc.a(_negsi2.o)
 .text          0x0000000000001040        0x0 /usr/lib/gcc/avr/7.2.0/avr51/libgcc.a(_exit.o)
 .text          0x0000000000001040        0x0 /usr/lib/gcc/avr/7.2.0/avr51/libgcc.a(_copy_data.o)
 .text          0x0000000000001040        0x0 /usr/lib/gcc/avr/7.2.0/avr51/libgcc.a(_clear_bss.o)
 .text          0x0000000000001040        0x0 /usr/lib/gcc/avr/7.2.0/avr51/libgcc.a(_udivmodhi4.o)
 .text          0x0000000000001040        0x0 /usr/lib/gcc/avr/7.2.0/avr51/libgcc.a(_udivmodsi4.o)
                0x0000000000001040                . = ALIGN (0x2)
 *(.text.*)
 .text.startup  0x0000000000001040      0x148 lab5.o
                0x0000000000001040                main
 .text.libgcc.mul
                0x0000000000001188        0x0 /usr/lib/gcc/avr/7.2.0/avr51/libgcc.a(_divmodhi4.o)
 .text.libgcc.div
                0x0000000000001188       0x28 /usr/lib/gcc/avr/7.2.0/avr51/libgcc.a(_divmodhi4.o)
                0x0000000000001188                __divmodhi4
                0x0000000000001188                _div
 .text.libgcc   0x00000000000011b0        0x0 /usr/lib/gcc/avr/7.2.0/avr51/libgcc.a(_divmodhi4.o)
 .text.libgcc.prologue
                0x00000000000011b0        0x0 /usr/lib/gcc/avr/7.2.0/avr51/libgcc.a(_divmodhi4.o)
 .text.libgcc.builtins
                0x00000000000011b0        0x0 /usr/lib/gcc/avr/7.2.0/avr51/libgcc.a(_divmodhi4.o)
 .text.libgcc.fmul
                0x00000000000011b0        0x0 /usr/lib/gcc/avr/7.2.0/avr51/libgcc.a(_divmodhi4.o)
 .text.libgcc.fixed
                0x00000000000011b0        0x0 /usr/lib/gcc/avr/7.2.0/avr51/libgcc.a(_divmodhi4.o)
 .text.libgcc.mul
                0x00000000000011b0        0x0 /usr/lib/gcc/avr/7.2.0/avr51/libgcc.a(_divmodsi4.o)
 .text.libgcc.div
                0x00000000000011b0       0x2e /usr/lib/gcc/avr/7.2.0/avr51/libgcc.a(_divmodsi4.o)
                0x00000000000011b0                __divmodsi4
 .text.libgcc   0x00000000000011de        0x0 /usr/lib/gcc/avr/7.2.0/avr51/libgcc.a(_divmodsi4.o)
 .text.libgcc.prologue
                0x00000000000011de        0x0 /usr/lib/gcc/avr/7.2.0/avr51/libgcc.a(_divmodsi4.o)
 .text.libgcc.builtins
                0x00000000000011de        0x0 /usr/lib/gcc/avr/7.2.0/avr51/libgcc.a(_divmodsi4.o)
 .text.libgcc.fmul
                0x00000000000011de        0x0 /usr/lib/gcc/avr/7.2.0/avr51/libgcc.a(_divmodsi4.o)
 .text.libgcc.fixed
                0x00000000000011de        0x0 /usr/lib/gcc/avr/7.2.0/avr51/libgcc.a(_divmodsi4.o)
 .text.libgcc.mul
                0x00000000000011de        0x0 /usr/lib/gcc/avr/7.2.0/avr51/libgcc.a(_negsi2.o)
 .text.libgcc.div
                0x00000000000011de       0x10 /usr/lib/gcc/avr/7.2.0/avr51/libgcc.a(_negsi2.o)
                0x00000000000011de                __negsi2
 .text.libgcc   0x00000000000011ee        0x0 /usr/lib/gcc/avr/7.2.0/avr51/libgcc.a(_negsi2.o)
 .text.libgcc.prologue
                0x00000000000011ee        0x0 /usr/lib/gcc/avr/7.2.0/avr51/libgcc.a(_negsi2.o)
 .text.libgcc.builtins
                0x00000000000011ee        0x0 /usr/lib/gcc/avr/7.2.0/avr51/libgcc.a(_negsi2.o)
 .text.libgcc.fmul
                0x00000000000011ee        0x0 /usr/lib/gcc/avr/7.2.0/avr51/libgcc.a(_negsi2.o)
 .text.libgcc.fixed
                0x00000000000011ee        0x0 /usr/lib/gcc/avr/7.2.0/avr51/libgcc.a(_negsi2.o)
 .text.libgcc.mul
                0x00000000000011ee        0x0 /usr/lib/gcc/avr/7.2.0/avr51/libgcc.a(_exit.o)
 .text.libgcc.div
                0x00000000000011ee        0x0 /usr/lib/gcc/avr/7.2.0/avr51/libgcc.a(_exit.o)
 .text.libgcc   0x00000000000011ee        0x0 /usr/lib/gcc/avr/7.2.0/avr51/libgcc.a(_exit.o)
 .text.libgcc.prologue
                0x00000000000011ee        0x0 /usr/lib/gcc/avr/7.2.0/avr51/libgcc.a(_exit.o)
 .text.libgcc.builtins
                0x00000000000011ee        0x0 /usr/lib/gcc/avr/7.2.0/avr51/libgcc.a(_exit.o)
 .text.libgcc.fmul
                0x00000000000011ee        0x0 /usr/lib/gcc/avr/7.2.0/avr51/libgcc.a(_exit.o)
 .text.libgcc.fixed
                0x00000000000011ee        0x0 /usr/lib/gcc/avr/7.2.0/avr51/libgcc.a(_exit.o)
 .text.libgcc.mul
                0x00000000000011ee        0x0 /usr/lib/gcc/avr/7.2.0/avr51/libgcc.a(_copy_data.o)
 .text.libgcc.div
                0x00000000000011ee        0x0 /usr/lib/gcc/avr/7.2.0/avr51/libgcc.a(_copy_data.o)
 .text.libgcc   0x00000000000011ee        0x0 /usr/lib/gcc/avr/7.2.0/avr51/libgcc.a(_copy_data.o)
 .text.libgcc.prologue
                0x00000000000011ee        0x0 /usr/lib/gcc/avr/7.2.0/avr51/libgcc.a(_copy_data.o)
 .text.libgcc.builtins
                0x00000000000011ee        0x0 /usr/lib/gcc/avr/7.2.0/avr51/libgcc.a(_copy_data.o)
 .text.libgcc.fmul
                0x00000000000011ee        0x0 /usr/lib/gcc/avr/7.2.0/avr51/libgcc.a(_copy_data.o)
 .text.libgcc.fixed
                0x00000000000011ee        0x0 /usr/lib/gcc/avr/7.2.0/avr51/libgcc.a(_copy_data.o)
 .text.libgcc.mul
                0x00000000000011ee        0x0 /usr/lib/gcc/avr/7.2.0/avr51/libgcc.a(_clear_bss.o)
 .text.libgcc.div
                0x00000000000011ee        0x0 /usr/lib/gcc/avr/7.2.0/avr51/libgcc.a(_clear_bss.o)
 .text.libgcc   0x00000000000011ee        0x0 /usr/lib/gcc/avr/7.2.0/avr51/libgcc.a(_clear_bss.o)
 .text.libgcc.prologue
                0x00000000000011ee        0x0 /usr/lib/gcc/avr/7.2.0/avr51/libgcc.a(_clear_bss.o)
 .text.libgcc.builtins
                0x00000000000011ee        0x0 /usr/lib/gcc/avr/7.2.0/avr51/libgcc.a(_clear_bss.o)
 .text.libgcc.fmul
                0x00000000000011ee        0x0 /usr/lib/gcc/avr/7.2.0/avr51/libgcc.a(_clear_bss.o)
 .text.libgcc.fixed
                0x00000000000011ee        0x0 /usr/lib/gcc/avr/7.2.0/avr51/libgcc.a(_clear_bss.o)
 .text.libgcc.mul
                0x00000000000011ee        0x0 /usr/lib/gcc/avr/7.2.0/avr51/libgcc.a(_udivmodhi4.o)
 .text.libgcc.div
                0x00000000000011ee       0x28 /usr/lib/gcc/avr/7.2.0/avr51/libgcc.a(_udivmodhi4.o)
                0x00000000000011ee                __udivmodhi4
 .text.libgcc   0x0000000000001216        0x0 /usr/lib/gcc/avr/7.2.0/avr51/libgcc.a(_udivmodhi4.o)
 .text.libgcc.prologue
                0x0000000000001216        0x0 /usr/lib/gcc/avr/7.2.0/avr51/libgcc.a(_udivmodhi4.o)
 .text.libgcc.builtins
                0x0000000000001216        0x0 /usr/lib/gcc/avr/7.2.0/avr51/libgcc.a(_udivmodhi4.o)
 .text.libgcc.fmul
                0x0000000000001216        0x0 /usr/lib/gcc/avr/7.2.0/avr51/libgcc.a(_udivmodhi4.o)
 .text.libgcc.fixed
                0x0000000000001216        0x0 /usr/lib/gcc/avr/7.2.0/avr51/libgcc.a(_udivmodhi4.o)
 .text.libgcc.mul
                0x0000000000001216        0x0 /usr/lib/gcc/avr/7.2.0/avr51/libgcc.a(_udivmodsi4.o)
 .text.libgcc.div
                0x0000000000001216       0x44 /usr/lib/gcc/avr/7.2.0/avr51/libgcc.a(_udivmodsi4.o)
                0x0000000000001216                __udivmodsi4
 .text.libgcc   0x000000000000125a        0x0 /usr/lib/gcc/avr/7.2.0/avr51/libgcc.a(_udivmodsi4.o)
 .text.libgcc.prologue
                0x000000000000125a        0x0 /usr/lib/gcc/avr/7.2.0/avr51/libgcc.a(_udivmodsi4.o)
 .text.libgcc.builtins
                0x000000000000125a        0x0 /usr/lib/gcc/avr/7.2.0/avr51/libgcc.a(_udivmodsi4.o)
 .text.libgcc.fmul
                0x000000000000125a        0x0 /usr/lib/gcc/avr/7.2.0/avr51/libgcc.a(_udivmodsi4.o)
 .text.libgcc.fixed
                0x000000000000125a        0x0 /usr/lib/gcc/avr/7.2.0/avr51/libgcc.a(_udivmodsi4.o)
                0x000000000000125a                . = ALIGN (0x2)
 *(.fini9)
 .fini9         0x000000000000125a        0x0 /usr/lib/gcc/avr/7.2.0/avr51/libgcc.a(_exit.o)
                0x000000000000125a                exit
                0x000000000000125a                _exit
 *(.fini9)
 *(.fini8)
 *(.fini8)
 *(.fini7)
 *(.fini7)
 *(.fini6)
 *(.fini6)
 *(.fini5)
 *(.fini5)
 *(.fini4)
 *(.fini4)
 *(.fini3)
 *(.fini3)
 *(.fini2)
 *(.fini2)
 *(.fini1)
 *(.fini1)
 *(.fini0)
 .fini0         0x000000000000125a        0x4 /usr/lib/gcc/avr/7.2.0/avr51/libgcc.a(_exit.o)
 *(.fini0)
 *(.hightext)
 *(.hightext*)
 *(.progmemx.*)
                0x000000000000125e                . = ALIGN (0x2)
 *(.jumptables)
 *(.jumptables*)
                0x000000000000125e                _etext = .

.data           0x0000000000800100       0x2e load address 0x000000000000125e
                0x0000000000800100                PROVIDE (__data_start = .)
 *(.data)
 .data          0x0000000000800100        0x0 /usr/lib/gcc/avr/7.2.0/../../../../avr/lib/avr51/crtatmega128.o
 .data          0x0000000000800100        0x6 lab5.o
                0x0000000000800101                clock
 .data          0x0000000000800106        0x0 hd44780.o
 .data          0x0000000000800106        0x0 /usr/lib/gcc/avr/7.2.0/avr51/libgcc.a(_divmodhi4.o)
 .data          0x0000000000800106        0x0 /usr/lib/gcc/avr/7.2.0/avr51/libgcc.a(_divmodsi4.o)
 .data          0x0000000000800106        0x0 /usr/lib/gcc/avr/7.2.0/avr51/libgcc.a(_negsi2.o)
 .data          0x0000000000800106        0x0 /usr/lib/gcc/avr/7.2.0/avr51/libgcc.a(_exit.o)
 .data          0x0000000000800106        0x0 /usr/lib/gcc/avr/7.2.0/avr51/libgcc.a(_copy_data.o)
 .data          0x0000000000800106        0x0 /usr/lib/gcc/avr/7.2.0/avr51/libgcc.a(_clear_bss.o)
 .data          0x0000000000800106        0x0 /usr/lib/gcc/avr/7.2.0/avr51/libgcc.a(_udivmodhi4.o)
 .data          0x0000000000800106        0x0 /usr/lib/gcc/avr/7.2.0/avr51/libgcc.a(_udivmodsi4.o)
 *(.data*)
 *(.gnu.linkonce.d*)
 *(.rodata)
 .rodata        0x0000000000800106        0xc lab5.o
 *(.rodata*)
 .rodata.str1.1
                0x0000000000800112       0x1b lab5.o
 *(.gnu.linkonce.r*)
                0x000000000080012e                . = ALIGN (0x2)
 *fill*         0x000000000080012d        0x1 
                0x000000000080012e                _edata = .
                0x000000000080012e                PROVIDE (__data_end = .)

.bss            0x000000000080012e       0x45
                0x000000000080012e                PROVIDE (__bss_start = .)
 *(.bss)
 .bss           0x000000000080012e        0x0 /usr/lib/gcc/avr/7.2.0/../../../../avr/lib/avr51/crtatmega128.o
 .bss           0x000000000080012e        0xf lab5.o
                0x000000000080012e                alarm_clock
 .bss           0x000000000080013d        0x1 hd44780.o
 .bss           0x000000000080013e        0x0 /usr/lib/gcc/avr/7.2.0/avr51/libgcc.a(_divmodhi4.o)
 .bss           0x000000000080013e        0x0 /usr/lib/gcc/avr/7.2.0/avr51/libgcc.a(_divmodsi4.o)
 .bss           0x000000000080013e        0x0 /usr/lib/gcc/avr/7.2.0/avr51/libgcc.a(_negsi2.o)
 .bss           0x000000000080013e        0x0 /usr/lib/gcc/avr/7.2.0/avr51/libgcc.a(_exit.o)
 .bss           0x000000000080013e        0x0 /usr/lib/gcc/avr/7.2.0/avr51/libgcc.a(_copy_data.o)
 .bss           0x000000000080013e        0x0 /usr/lib/gcc/avr/7.2.0/avr51/libgcc.a(_clear_bss.o)
 .bss           0x000000000080013e        0x0 /usr/lib/gcc/avr/7.2.0/avr51/libgcc.a(_udivmodhi4.o)
 .bss           0x000000000080013e        0x0 /usr/lib/gcc/avr/7.2.0/avr51/libgcc.a(_udivmodsi4.o)
 *(.bss*)
 *(COMMON)
 COMMON         0x000000000080013e        0x5 lab5.o
                0x000000000080013e                segment_data
 COMMON         0x0000000000800143       0x30 hd44780.o
                0x0000000000800143                lcd_string_array
                0x0000000000800163                lcd_str
                0x0000000000800173                PROVIDE (__bss_end = .)
                0x000000000000125e                __data_load_start = LOADADDR (.data)
                0x000000000000128c                __data_load_end = (__data_load_start + SIZEOF (.data))

.noinit         0x0000000000800173        0x0
                [!provide]                        PROVIDE (__noinit_start = .)
 *(.noinit*)
                [!provide]                        PROVIDE (__noinit_end = .)
                0x0000000000800173                _end = .
                [!provide]                        PROVIDE (__heap_start = .)

.eeprom         0x0000000000810000        0x0
 *(.eeprom*)
                0x0000000000810000                __eeprom_end = .

.fuse
 *(.fuse)
 *(.lfuse)
 *(.hfuse)
 *(.efuse)

.lock
 *(.lock*)

.signature
 *(.signature*)

.stab           0x0000000000000000     0x3a5c
 *(.stab)
 .stab          0x0000000000000000     0x17f4 lab5.o
 .stab          0x00000000000017f4     0x19ec hd44780.o
                                       0x1bb4 (size before relaxing)
 .stab          0x00000000000031e0      0x138 /usr/lib/gcc/avr/7.2.0/avr51/libgcc.a(_divmodhi4.o)
                                        0x144 (size before relaxing)
 .stab          0x0000000000003318      0x144 /usr/lib/gcc/avr/7.2.0/avr51/libgcc.a(_divmodsi4.o)
                                        0x150 (size before relaxing)
 .stab          0x000000000000345c       0x6c /usr/lib/gcc/avr/7.2.0/avr51/libgcc.a(_negsi2.o)
                                         0x78 (size before relaxing)
 .stab          0x00000000000034c8       0x6c /usr/lib/gcc/avr/7.2.0/avr51/libgcc.a(_exit.o)
                                         0x78 (size before relaxing)
 .stab          0x0000000000003534       0xf0 /usr/lib/gcc/avr/7.2.0/avr51/libgcc.a(_copy_data.o)
                                         0xfc (size before relaxing)
 .stab          0x0000000000003624       0xb4 /usr/lib/gcc/avr/7.2.0/avr51/libgcc.a(_clear_bss.o)
                                         0xc0 (size before relaxing)
 .stab          0x00000000000036d8      0x15c /usr/lib/gcc/avr/7.2.0/avr51/libgcc.a(_udivmodhi4.o)
                                        0x168 (size before relaxing)
 .stab          0x0000000000003834      0x228 /usr/lib/gcc/avr/7.2.0/avr51/libgcc.a(_udivmodsi4.o)
                                        0x234 (size before relaxing)

.stabstr        0x0000000000000000     0x1762
 *(.stabstr)
 .stabstr       0x0000000000000000     0x1762 lab5.o

.stab.excl
 *(.stab.excl)

.stab.exclstr
 *(.stab.exclstr)

.stab.index
 *(.stab.index)

.stab.indexstr
 *(.stab.indexstr)

.comment        0x0000000000000000       0x21
 *(.comment)
 .comment       0x0000000000000000       0x21 lab5.o
                                         0x22 (size before relaxing)
 .comment       0x0000000000000021       0x22 hd44780.o

.note.gnu.avr.deviceinfo
                0x0000000000000000       0x3c
 .note.gnu.avr.deviceinfo
                0x0000000000000000       0x3c /usr/lib/gcc/avr/7.2.0/../../../../avr/lib/avr51/crtatmega128.o

.note.gnu.build-id
 *(.note.gnu.build-id)

.debug
 *(.debug)

.line
 *(.line)

.debug_srcinfo
 *(.debug_srcinfo)

.debug_sfnames
 *(.debug_sfnames)

.debug_aranges
 *(.debug_aranges)

.debug_pubnames
 *(.debug_pubnames)

.debug_info     0x0000000000000000      0x780
 *(.debug_info .gnu.linkonce.wi.*)
 .debug_info    0x0000000000000000      0x780 /usr/lib/gcc/avr/7.2.0/../../../../avr/lib/avr51/crtatmega128.o

.debug_abbrev   0x0000000000000000      0x718
 *(.debug_abbrev)
 .debug_abbrev  0x0000000000000000      0x718 /usr/lib/gcc/avr/7.2.0/../../../../avr/lib/avr51/crtatmega128.o

.debug_line     0x0000000000000000       0x1d
 *(.debug_line .debug_line.* .debug_line_end)
 .debug_line    0x0000000000000000       0x1d /usr/lib/gcc/avr/7.2.0/../../../../avr/lib/avr51/crtatmega128.o

.debug_frame
 *(.debug_frame)

.debug_str      0x0000000000000000      0x27d
 *(.debug_str)
 .debug_str     0x0000000000000000      0x27d /usr/lib/gcc/avr/7.2.0/../../../../avr/lib/avr51/crtatmega128.o

.debug_loc
 *(.debug_loc)

.debug_macinfo
 *(.debug_macinfo)

.debug_weaknames
 *(.debug_weaknames)

.debug_funcnames
 *(.debug_funcnames)

.debug_typenames
 *(.debug_typenames)

.debug_varnames
 *(.debug_varnames)

.debug_pubtypes
 *(.debug_pubtypes)

.debug_ranges
 *(.debug_ranges)

.debug_macro
 *(.debug_macro)

.debug_addr
 *(.debug_addr)
OUTPUT(lab5.elf elf32-avr)
LOAD linker stubs
